[debug] [2026-09-09T20:34:27.130Z] ----------------------------------------------------------------------
[debug] [2026-09-09T20:34:27.131Z] Command:       /opt/homebrew/Cellar/node/26.0.0/bin/node /opt/homebrew/bin/firebase deploy --only functions:ingestFacultyEmail
[debug] [2026-09-09T20:34:27.131Z] CLI Version:   15.28.2
[debug] [2026-09-09T20:34:27.131Z] Platform:      darwin
[debug] [2026-09-09T20:34:27.131Z] Node Version:  v26.0.0
[debug] [2026-09-09T20:34:27.131Z] Detected Agent: unknown
[debug] [2026-09-09T20:34:27.131Z] Time:          Thu Sep 10 2026 02:04:27 GMT+0530 (India Standard Time)
[debug] [2026-09-09T20:34:27.131Z] ----------------------------------------------------------------------
[debug] 
[debug] [2026-09-09T20:34:27.765Z] > command requires scopes: ["email","openid","https://www.googleapis.com/auth/cloudplatformprojects.readonly","https://www.googleapis.com/auth/firebase","https://www.googleapis.com/auth/cloud-platform"]
[debug] [2026-09-09T20:34:27.765Z] > authorizing via signed-in user (ug25cse114@iiitsurat.ac.in)
[debug] [2026-09-09T20:34:27.766Z] [iam] checking project iiit-surat-app-6643d for permissions ["cloudfunctions.functions.create","cloudfunctions.functions.delete","cloudfunctions.functions.get","cloudfunctions.functions.list","cloudfunctions.functions.update","cloudfunctions.operations.get","firebase.projects.get"]
[debug] [2026-09-09T20:34:27.775Z] Checked if tokens are valid: false, expires at: 1788960092755
[debug] [2026-09-09T20:34:27.775Z] Checked if tokens are valid: false, expires at: 1788960092755
[debug] [2026-09-09T20:34:27.775Z] > refreshing access token with scopes: []
[debug] [2026-09-09T20:34:27.776Z] >>> [apiv2][query] POST https://www.googleapis.com/oauth2/v3/token [none]
[debug] [2026-09-09T20:34:27.777Z] >>> [apiv2][body] POST https://www.googleapis.com/oauth2/v3/token [omitted]
[debug] [2026-09-09T20:34:28.082Z] <<< [apiv2][status] POST https://www.googleapis.com/oauth2/v3/token 200
[debug] [2026-09-09T20:34:28.082Z] <<< [apiv2][body] POST https://www.googleapis.com/oauth2/v3/token [omitted]
[debug] [2026-09-09T20:34:28.097Z] >>> [apiv2][query] POST https://cloudresourcemanager.googleapis.com/v1/projects/iiit-surat-app-6643d:testIamPermissions [none]
[debug] [2026-09-09T20:34:28.098Z] >>> [apiv2][(partial)header] POST https://cloudresourcemanager.googleapis.com/v1/projects/iiit-surat-app-6643d:testIamPermissions  x-goog-user-project=iiit-surat-app-6643d
[debug] [2026-09-09T20:34:28.098Z] >>> [apiv2][body] POST https://cloudresourcemanager.googleapis.com/v1/projects/iiit-surat-app-6643d:testIamPermissions {"permissions":["cloudfunctions.functions.create","cloudfunctions.functions.delete","cloudfunctions.functions.get","cloudfunctions.functions.list","cloudfunctions.functions.update","cloudfunctions.operations.get","firebase.projects.get"]}
[debug] [2026-09-09T20:34:29.696Z] <<< [apiv2][status] POST https://cloudresourcemanager.googleapis.com/v1/projects/iiit-surat-app-6643d:testIamPermissions 200
[debug] [2026-09-09T20:34:29.697Z] <<< [apiv2][body] POST https://cloudresourcemanager.googleapis.com/v1/projects/iiit-surat-app-6643d:testIamPermissions {"permissions":["cloudfunctions.functions.create","cloudfunctions.functions.delete","cloudfunctions.functions.get","cloudfunctions.functions.list","cloudfunctions.functions.update","cloudfunctions.operations.get","firebase.projects.get"]}
[debug] [2026-09-09T20:34:29.698Z] Checked if tokens are valid: true, expires at: 1788989667083
[debug] [2026-09-09T20:34:29.698Z] Checked if tokens are valid: true, expires at: 1788989667083
[debug] [2026-09-09T20:34:29.698Z] >>> [apiv2][query] POST https://iam.googleapis.com/v1/projects/iiit-surat-app-6643d/serviceAccounts/iiit-surat-app-6643d@appspot.gserviceaccount.com:testIamPermissions [none]
[debug] [2026-09-09T20:34:29.698Z] >>> [apiv2][body] POST https://iam.googleapis.com/v1/projects/iiit-surat-app-6643d/serviceAccounts/iiit-surat-app-6643d@appspot.gserviceaccount.com:testIamPermissions {"permissions":["iam.serviceAccounts.actAs"]}
[debug] [2026-09-09T20:34:31.633Z] <<< [apiv2][status] POST https://iam.googleapis.com/v1/projects/iiit-surat-app-6643d/serviceAccounts/iiit-surat-app-6643d@appspot.gserviceaccount.com:testIamPermissions 200
[debug] [2026-09-09T20:34:31.633Z] <<< [apiv2][body] POST https://iam.googleapis.com/v1/projects/iiit-surat-app-6643d/serviceAccounts/iiit-surat-app-6643d@appspot.gserviceaccount.com:testIamPermissions {"permissions":["iam.serviceAccounts.actAs"]}
[info] 
[info] === Deploying to 'iiit-surat-app-6643d'...
[info] 
[info] i  deploying functions 
[debug] [2026-09-09T20:34:31.640Z] Checked if tokens are valid: true, expires at: 1788989667083
[debug] [2026-09-09T20:34:31.640Z] Checked if tokens are valid: true, expires at: 1788989667083
[debug] [2026-09-09T20:34:31.640Z] >>> [apiv2][query] GET https://cloudresourcemanager.googleapis.com/v1/projects/iiit-surat-app-6643d [none]
[debug] [2026-09-09T20:34:32.136Z] <<< [apiv2][status] GET https://cloudresourcemanager.googleapis.com/v1/projects/iiit-surat-app-6643d 200
[debug] [2026-09-09T20:34:32.137Z] <<< [apiv2][body] GET https://cloudresourcemanager.googleapis.com/v1/projects/iiit-surat-app-6643d {"projectNumber":"568691830636","projectId":"iiit-surat-app-6643d","lifecycleState":"ACTIVE","name":"iiit-surat-app","labels":{"firebase":"enabled","firebase-core":"disabled"},"createTime":"2026-07-08T07:52:24.060Z","parent":{"type":"organization","id":"129537742758"}}
[info] i  functions: preparing codebase default for deployment 
[info] i  functions: ensuring required API cloudfunctions.googleapis.com is enabled... 
[info] i  functions: ensuring required API cloudbuild.googleapis.com is enabled... 
[info] i  artifactregistry: ensuring required API artifactregistry.googleapis.com is enabled... 
[debug] [2026-09-09T20:34:32.140Z] Checked if tokens are valid: true, expires at: 1788989667083
[debug] [2026-09-09T20:34:32.140Z] Checked if tokens are valid: true, expires at: 1788989667083
[debug] [2026-09-09T20:34:32.140Z] >>> [apiv2][query] GET https://firebase.googleapis.com/v1beta1/projects/iiit-surat-app-6643d/adminSdkConfig [none]
[debug] [2026-09-09T20:34:33.309Z] <<< [apiv2][status] GET https://firebase.googleapis.com/v1beta1/projects/iiit-surat-app-6643d/adminSdkConfig 200
[debug] [2026-09-09T20:34:33.310Z] <<< [apiv2][body] GET https://firebase.googleapis.com/v1beta1/projects/iiit-surat-app-6643d/adminSdkConfig {"projectId":"iiit-surat-app-6643d","storageBucket":"iiit-surat-app-6643d.firebasestorage.app"}
[debug] [2026-09-09T20:34:33.310Z] Checked if tokens are valid: true, expires at: 1788989667083
[debug] [2026-09-09T20:34:33.310Z] Checked if tokens are valid: true, expires at: 1788989667083
[debug] [2026-09-09T20:34:33.311Z] >>> [apiv2][query] GET https://runtimeconfig.googleapis.com/v1beta1/projects/iiit-surat-app-6643d/configs [none]
[debug] [2026-09-09T20:34:34.026Z] <<< [apiv2][status] GET https://runtimeconfig.googleapis.com/v1beta1/projects/iiit-surat-app-6643d/configs 200
[debug] [2026-09-09T20:34:34.027Z] <<< [apiv2][body] GET https://runtimeconfig.googleapis.com/v1beta1/projects/iiit-surat-app-6643d/configs {}
[debug] [2026-09-09T20:34:34.029Z] Validating nodejs source
[warn] ⚠  functions: Couldn't find firebase-functions package in your source code. Have you run 'npm install'? 
[debug] [2026-09-09T20:34:34.032Z] getFunctionsSDKVersion encountered error: Cannot find module 'firebase-functions'
Require stack:
- /opt/homebrew/lib/node_modules/firebase-tools/lib/deploy/functions/runtimes/node/versioning.js
- /opt/homebrew/lib/node_modules/firebase-tools/lib/deploy/functions/runtimes/node/index.js
- /opt/homebrew/lib/node_modules/firebase-tools/lib/deploy/functions/runtimes/index.js
- /opt/homebrew/lib/node_modules/firebase-tools/lib/deploy/functions/prepare.js
- /opt/homebrew/lib/node_modules/firebase-tools/lib/emulator/functionsEmulatorShared.js
- /opt/homebrew/lib/node_modules/firebase-tools/lib/frameworks/index.js
- /opt/homebrew/lib/node_modules/firebase-tools/lib/deploy/hosting/prepare.js
- /opt/homebrew/lib/node_modules/firebase-tools/lib/deploy/hosting/index.js
- /opt/homebrew/lib/node_modules/firebase-tools/lib/deploy/index.js
- /opt/homebrew/lib/node_modules/firebase-tools/lib/checkValidTargetFilters.js
- /opt/homebrew/lib/node_modules/firebase-tools/lib/commands/deploy.js
- /opt/homebrew/lib/node_modules/firebase-tools/lib/commands/index.js
- /opt/homebrew/lib/node_modules/firebase-tools/lib/index.js
- /opt/homebrew/lib/node_modules/firebase-tools/lib/bin/cli.js
- /opt/homebrew/lib/node_modules/firebase-tools/lib/bin/firebase.js {"code":"MODULE_NOT_FOUND","requireStack":["/opt/homebrew/lib/node_modules/firebase-tools/lib/deploy/functions/runtimes/node/versioning.js","/opt/homebrew/lib/node_modules/firebase-tools/lib/deploy/functions/runtimes/node/index.js","/opt/homebrew/lib/node_modules/firebase-tools/lib/deploy/functions/runtimes/index.js","/opt/homebrew/lib/node_modules/firebase-tools/lib/deploy/functions/prepare.js","/opt/homebrew/lib/node_modules/firebase-tools/lib/emulator/functionsEmulatorShared.js","/opt/homebrew/lib/node_modules/firebase-tools/lib/frameworks/index.js","/opt/homebrew/lib/node_modules/firebase-tools/lib/deploy/hosting/prepare.js","/opt/homebrew/lib/node_modules/firebase-tools/lib/deploy/hosting/index.js","/opt/homebrew/lib/node_modules/firebase-tools/lib/deploy/index.js","/opt/homebrew/lib/node_modules/firebase-tools/lib/checkValidTargetFilters.js","/opt/homebrew/lib/node_modules/firebase-tools/lib/commands/deploy.js","/opt/homebrew/lib/node_modules/firebase-tools/lib/commands/index.js","/opt/homebrew/lib/node_modules/firebase-tools/lib/index.js","/opt/homebrew/lib/node_modules/firebase-tools/lib/bin/cli.js","/opt/homebrew/lib/node_modules/firebase-tools/lib/bin/firebase.js"]}
[debug] [2026-09-09T20:34:34.033Z] checkFunctionsSDKVersion encountered error: Invalid Version:  {}
[debug] [2026-09-09T20:34:34.034Z] > [functions] package.json contents: {
  "name": "functions",
  "scripts": {
    "lint": "eslint --ext .js,.ts .",
    "build": "tsc",
    "build:watch": "tsc --watch",
    "serve": "npm run build && firebase emulators:start --only functions",
    "shell": "npm run build && firebase functions:shell",
    "start": "npm run shell",
    "deploy": "firebase deploy --only functions",
    "logs": "firebase functions:log"
  },
  "engines": {
    "node": "22"
  },
  "main": "lib/index.js",
  "dependencies": {
    "@google-cloud/vision": "^4.3.3",
    "firebase-admin": "^13.10.0",
    "firebase-functions": "^7.3.2"
  },
  "devDependencies": {
    "@typescript-eslint/eslint-plugin": "^5.12.0",
    "@typescript-eslint/parser": "^5.12.0",
    "eslint": "^8.9.0",
    "eslint-config-google": "^0.14.0",
    "eslint-plugin-import": "^2.25.4",
    "firebase-functions-test": "^3.4.1",
    "typescript": "^6.0.0"
  },
  "private": true
}
[debug] [2026-09-09T20:34:34.034Z] Building nodejs source
[info] i  functions: Loading and analyzing source code for codebase default to determine what to deploy 
[debug] [2026-09-09T20:34:34.035Z] Could not parse firebase-functions version '' into semver.
[debug] [2026-09-09T20:34:34.035Z] Could not find functions.yaml. Must use http discovery
[debug] [2026-09-09T20:34:34.050Z] Error: Cannot find module 'firebase-functions'
Require stack:
- /opt/homebrew/lib/node_modules/firebase-tools/lib/deploy/functions/runtimes/node/index.js
- /opt/homebrew/lib/node_modules/firebase-tools/lib/deploy/functions/runtimes/index.js
- /opt/homebrew/lib/node_modules/firebase-tools/lib/deploy/functions/prepare.js
- /opt/homebrew/lib/node_modules/firebase-tools/lib/emulator/functionsEmulatorShared.js
- /opt/homebrew/lib/node_modules/firebase-tools/lib/frameworks/index.js
- /opt/homebrew/lib/node_modules/firebase-tools/lib/deploy/hosting/prepare.js
- /opt/homebrew/lib/node_modules/firebase-tools/lib/deploy/hosting/index.js
- /opt/homebrew/lib/node_modules/firebase-tools/lib/deploy/index.js
- /opt/homebrew/lib/node_modules/firebase-tools/lib/checkValidTargetFilters.js
- /opt/homebrew/lib/node_modules/firebase-tools/lib/commands/deploy.js
- /opt/homebrew/lib/node_modules/firebase-tools/lib/commands/index.js
- /opt/homebrew/lib/node_modules/firebase-tools/lib/index.js
- /opt/homebrew/lib/node_modules/firebase-tools/lib/bin/cli.js
- /opt/homebrew/lib/node_modules/firebase-tools/lib/bin/firebase.js
    at Module._resolveFilename (node:internal/modules/cjs/loader:1475:15)
    at wrapResolveFilename (node:internal/modules/cjs/loader:1048:27)
    at resolveForCJSWithHooks (node:internal/modules/cjs/loader:1093:12)
    at require.resolve (node:internal/modules/helpers:209:31)
    at Delegate.findFunctionsBinary (/opt/homebrew/lib/node_modules/firebase-tools/lib/deploy/functions/runtimes/node/index.js:98:33)
    at Delegate.spawnFunctionsProcess (/opt/homebrew/lib/node_modules/firebase-tools/lib/deploy/functions/runtimes/node/index.js:128:30)
    at Delegate.serveAdmin (/opt/homebrew/lib/node_modules/firebase-tools/lib/deploy/functions/runtimes/node/index.js:149:35)
    at Delegate.discoverBuild (/opt/homebrew/lib/node_modules/firebase-tools/lib/deploy/functions/runtimes/node/index.js:192:41)
    at process.processTicksAndRejections (node:internal/process/task_queues:104:5)
    at async loadCodebases (/opt/homebrew/lib/node_modules/firebase-tools/lib/deploy/functions/prepare.js:532:33)
[error] 
[error] Error: An unexpected error has occurred.
